
BLOCK.FS **=== NOT TESTED === *******   EMPTY.FB Scr 21
 0 Should show a (mostly) blank screen
 1
 2
 3
 4
 5
 6
 7
 8
 9
10
11
12
13
14
15
   EMPTY.FB Scr 20
 0 List of the First test block
 1
 2
 3
 4
 5
 6
 7
 8
 9
10
11
12
13
14
15
   EMPTY.FB Scr 29
 0 List of the Last test block
 1
 2
 3
 4
 5
 6
 7
 8
 9
10
11
12
13
14
15
   EMPTY.FB Scr 25
 0
 1
 2
 3
 4
 5
 6
 7
 8
 9
10
11
12
13
14
15                                                    End of Screen
   EMPTY.FB Scr 21
 0 Should show another (mostly) blank screen
 1
 2
 3
 4
 5
 6
 7
 8
 9
10
11
12
13
14
15
*** | exists Given Characters per Line: 64
*
End of Block word tests
