 ok
include inctest.fs 
INCTEST.FS included from stream file: "1 2 + 4 * .": 12 
 ok
logclose 
