
ANS-SHIM.FS 
PRELIM.FS 

CR CR SOURCE TYPE ( Preliminary test ) CR
SOURCE ( These lines test SOURCE, TYPE, CR and parenthetic comments ) TYPE CR
( The next line of output should be blank to test CR ) SOURCE TYPE CR CR

( Pass #1: testing 0 >IN +! ) 0 >IN +! SOURCE TYPE CR
( Pass #2: testing 1 >IN +! ) 1 >IN +! xSOURCE TYPE CR
( Pass #3: testing 1+ ) 1 1+ >IN +! xxSOURCE TYPE CR
( Pass #4: testing @ ! BASE ) 0 1+ 1+ BASE ! BASE @ >IN +! xxSOURCE TYPE CR
( Pass #5: testing decimal BASE ) BASE @ >IN +! xxxxxxxxxxSOURCE TYPE CR
( Pass #6: testing : ; ) : .SRC SOURCE TYPE CR ; 6 >IN +! xxxxxx.SRC
( Pass #7: testing number input ) 19 >IN +! xxxxxxxxxxxxxxxxxxx.SRC
( Pass #8: testing VARIABLE ) VARIABLE Y 2 Y ! Y @ >IN +! xx.SRC
( Pass #9: testing WORD COUNT ) 5 MSG abcdef) Y ! Y ! >IN +! xxxxx.SRC
( Pass #10: testing WORD COUNT ) MSG ab) >IN +! xxY ! .SRC
Pass #11: testing WORD COUNT .MSG
Pass #12: testing = returns all 1's for true
Pass #13: testing = returns 0 for false
Pass #14: testing -1 interpreted correctly
Pass #15: testing 2*
Pass #16: testing 2*
Pass #17: testing AND
Pass #18: testing AND
Pass #19: testing AND
Pass #20: testing ?F~ ?~~ Pass Error
Pass #21: testing ?~
Pass #22: testing EMIT
Pass #23: testing S"

Results: 

Pass messages #1 to #23 should be displayed above
and no error messages

0 tests failed out of 57 additional tests


--- End of Preliminary Tests --- 
