
COREPLUS.FS ********
You should see 2345: 2345
*****
End of additional Core tests
