
DOUBLTST.FS *****************
End of Double-Number word tests
